[r.mobirisesite.com/20700/assets/images/untitled-1-128x1291765.png]
[backblue.gif]
[fade.gif]
[index.html]
[r.mobirisesite.com/20700/assets/web/assets/mobirise-icons/mobirise-icons.css]
[r.mobirisesite.com/20700/assets/tether/tether.min.css]
[r.mobirisesite.com/20700/assets/bootstrap/css/bootstrap.min.css]
[r.mobirisesite.com/20700/assets/bootstrap/css/bootstrap-grid.min.css]
[r.mobirisesite.com/20700/assets/bootstrap/css/bootstrap-reboot.min.css]
[r.mobirisesite.com/20700/assets/theme/css/style.css]
[r.mobirisesite.com/20700/assets/gallery/style.css]
[r.mobirisesite.com/20700/assets/mobirise/css/mbr-additional1765.css]
[r.mobirisesite.com/20700/assets/images/capa-3d-50-doces-952x13461765.png]
[r.mobirisesite.com/20700/assets/images/12-1-300x278-240x1801765.png]
[r.mobirisesite.com/20700/assets/images/24-2-525x350-251x1881765.jpg]
[r.mobirisesite.com/20700/assets/images/36-736x552-588x4411765.jpg]
[r.mobirisesite.com/20700/assets/images/45-793x453-482x3621765.jpg]
[r.mobirisesite.com/20700/assets/images/22-620x413-440x3301765.jpg]
[r.mobirisesite.com/20700/assets/images/20-1-696x696-556x4171765.jpg]
[r.mobirisesite.com/20700/assets/images/38-630x630-504x3781765.jpg]
[r.mobirisesite.com/20700/assets/images/44-543x637-434x3251765.jpg]
[r.mobirisesite.com/20700/assets/images/12-1-300x2781765.png]
[r.mobirisesite.com/20700/assets/images/24-2-525x3501765.jpg]
[r.mobirisesite.com/20700/assets/images/36-736x5521765.jpg]
[r.mobirisesite.com/20700/assets/images/45-793x4531765.jpg]
[r.mobirisesite.com/20700/assets/images/22-620x4131765.jpg]
[r.mobirisesite.com/20700/assets/images/20-1-696x6961765.jpg]
[r.mobirisesite.com/20700/assets/images/38-630x6301765.jpg]
[r.mobirisesite.com/20700/assets/images/44-543x6371765.jpg]
[r.mobirisesite.com/20700/assets/images/ad1-394x4891765.png]
[r.mobirisesite.com/20700/assets/images/ad2-409x4991765.png]
[r.mobirisesite.com/20700/assets/images/ad3-400x4901765.png]
[r.mobirisesite.com/20700/assets/images/garantia-260x2311765.png]
[r.mobirisesite.com/20700/assets/web/assets/jquery/jquery.min.js]
[r.mobirisesite.com/20700/assets/popper/popper.min.js]
[r.mobirisesite.com/20700/assets/tether/tether.min.js]
[r.mobirisesite.com/20700/assets/bootstrap/js/bootstrap.min.js]
[r.mobirisesite.com/20700/assets/smoothscroll/smooth-scroll.js]
[r.mobirisesite.com/20700/assets/parallax/jarallax.min.js]
[r.mobirisesite.com/20700/assets/masonry/masonry.pkgd.min.js]
[r.mobirisesite.com/20700/assets/imagesloaded/imagesloaded.pkgd.min.js]
[r.mobirisesite.com/20700/assets/mbr-testimonials-slider/mbr-testimonials-slider.js]
[r.mobirisesite.com/20700/assets/vimeoplayer/jquery.mb.vimeo_player.js]
[r.mobirisesite.com/20700/assets/bootstrapcarouselswipe/bootstrap-carousel-swipe.js]
[r.mobirisesite.com/20700/assets/theme/js/script.js]
[r.mobirisesite.com/20700/assets/gallery/player.min.js]
[r.mobirisesite.com/20700/assets/gallery/script.js]
[50docesqueemagrecem.mobirisesite.com/index.html]
[r.mobirisesite.com/20700/assets/slidervideo/script.js]
[r.mobirisesite.com/20700/assets/web/assets/mobirise-icons/mobirise-icons0e1c.eot]
[r.mobirisesite.com/20700/assets/web/assets/mobirise-icons/mobirise-icons0e1c.ttf]
[r.mobirisesite.com/20700/assets/web/assets/mobirise-icons/mobirise-icons0e1c.woff]
[r.mobirisesite.com/20700/assets/web/assets/mobirise-icons/mobirise-icons.css]
[r.mobirisesite.com/20700/assets/tether/tether.min.css]
[r.mobirisesite.com/20700/assets/bootstrap/css/bootstrap.min.css]
[r.mobirisesite.com/20700/assets/bootstrap/css/bootstrap-grid.min.css]
[r.mobirisesite.com/20700/assets/bootstrap/css/bootstrap-reboot.min.css]
[r.mobirisesite.com/20700/assets/theme/css/style.css]
[r.mobirisesite.com/20700/assets/gallery/style.css]
[r.mobirisesite.com/20700/assets/web/assets/mobirise-icons/mobirise-icons0e1c.svg]
[r.mobirisesite.com/20700/assets/images/fundo-1-2000x11021765.jpg]
[r.mobirisesite.com/20700/assets/images/031765.jpg]
[r.mobirisesite.com/20700/assets/mobirise/css/mbr-additional1765.css]
[r.mobirisesite.com/20700/assets/web/assets/mobirise-icons/mobirise-icons0e1c.svg]
